Archive member included to satisfy reference by file (symbol)

c:/program files (x86)/gnu arm embedded toolchain/10 2021.10/bin/../lib/gcc/arm-none-eabi/10.3.1/../../../../arm-none-eabi/lib/thumb/v7e-m+fp/hard\libc.a(lib_a-exit.o)
                              c:/program files (x86)/gnu arm embedded toolchain/10 2021.10/bin/../lib/gcc/arm-none-eabi/10.3.1/../../../../arm-none-eabi/lib/thumb/v7e-m+fp/hard/crt0.o (exit)
c:/program files (x86)/gnu arm embedded toolchain/10 2021.10/bin/../lib/gcc/arm-none-eabi/10.3.1/../../../../arm-none-eabi/lib/thumb/v7e-m+fp/hard\libc.a(lib_a-impure.o)
                              c:/program files (x86)/gnu arm embedded toolchain/10 2021.10/bin/../lib/gcc/arm-none-eabi/10.3.1/../../../../arm-none-eabi/lib/thumb/v7e-m+fp/hard\libc.a(lib_a-exit.o) (_global_impure_ptr)
c:/program files (x86)/gnu arm embedded toolchain/10 2021.10/bin/../lib/gcc/arm-none-eabi/10.3.1/../../../../arm-none-eabi/lib/thumb/v7e-m+fp/hard\libc.a(lib_a-init.o)
                              c:/program files (x86)/gnu arm embedded toolchain/10 2021.10/bin/../lib/gcc/arm-none-eabi/10.3.1/../../../../arm-none-eabi/lib/thumb/v7e-m+fp/hard/crt0.o (__libc_init_array)
c:/program files (x86)/gnu arm embedded toolchain/10 2021.10/bin/../lib/gcc/arm-none-eabi/10.3.1/../../../../arm-none-eabi/lib/thumb/v7e-m+fp/hard\libc.a(lib_a-memset.o)
                              c:/program files (x86)/gnu arm embedded toolchain/10 2021.10/bin/../lib/gcc/arm-none-eabi/10.3.1/../../../../arm-none-eabi/lib/thumb/v7e-m+fp/hard/crt0.o (memset)
c:/program files (x86)/gnu arm embedded toolchain/10 2021.10/bin/../lib/gcc/arm-none-eabi/10.3.1/../../../../arm-none-eabi/lib/thumb/v7e-m+fp/hard\libc.a(lib_a-__call_atexit.o)
                              c:/program files (x86)/gnu arm embedded toolchain/10 2021.10/bin/../lib/gcc/arm-none-eabi/10.3.1/../../../../arm-none-eabi/lib/thumb/v7e-m+fp/hard\libc.a(lib_a-exit.o) (__call_exitprocs)
c:/program files (x86)/gnu arm embedded toolchain/10 2021.10/bin/../lib/gcc/arm-none-eabi/10.3.1/../../../../arm-none-eabi/lib/thumb/v7e-m+fp/hard\libc.a(lib_a-atexit.o)
                              c:/program files (x86)/gnu arm embedded toolchain/10 2021.10/bin/../lib/gcc/arm-none-eabi/10.3.1/../../../../arm-none-eabi/lib/thumb/v7e-m+fp/hard\libc.a(lib_a-__call_atexit.o) (atexit)
c:/program files (x86)/gnu arm embedded toolchain/10 2021.10/bin/../lib/gcc/arm-none-eabi/10.3.1/../../../../arm-none-eabi/lib/thumb/v7e-m+fp/hard\libc.a(lib_a-fini.o)
                              c:/program files (x86)/gnu arm embedded toolchain/10 2021.10/bin/../lib/gcc/arm-none-eabi/10.3.1/../../../../arm-none-eabi/lib/thumb/v7e-m+fp/hard\libc.a(lib_a-__call_atexit.o) (__libc_fini_array)
c:/program files (x86)/gnu arm embedded toolchain/10 2021.10/bin/../lib/gcc/arm-none-eabi/10.3.1/../../../../arm-none-eabi/lib/thumb/v7e-m+fp/hard\libc.a(lib_a-lock.o)
                              c:/program files (x86)/gnu arm embedded toolchain/10 2021.10/bin/../lib/gcc/arm-none-eabi/10.3.1/../../../../arm-none-eabi/lib/thumb/v7e-m+fp/hard\libc.a(lib_a-__call_atexit.o) (__retarget_lock_acquire_recursive)
c:/program files (x86)/gnu arm embedded toolchain/10 2021.10/bin/../lib/gcc/arm-none-eabi/10.3.1/../../../../arm-none-eabi/lib/thumb/v7e-m+fp/hard\libc.a(lib_a-__atexit.o)
                              c:/program files (x86)/gnu arm embedded toolchain/10 2021.10/bin/../lib/gcc/arm-none-eabi/10.3.1/../../../../arm-none-eabi/lib/thumb/v7e-m+fp/hard\libc.a(lib_a-atexit.o) (__register_exitproc)

Discarded input sections

 .text          0x00000000        0x0 c:/program files (x86)/gnu arm embedded toolchain/10 2021.10/bin/../lib/gcc/arm-none-eabi/10.3.1/thumb/v7e-m+fp/hard/crti.o
 .data          0x00000000        0x0 c:/program files (x86)/gnu arm embedded toolchain/10 2021.10/bin/../lib/gcc/arm-none-eabi/10.3.1/thumb/v7e-m+fp/hard/crti.o
 .bss           0x00000000        0x0 c:/program files (x86)/gnu arm embedded toolchain/10 2021.10/bin/../lib/gcc/arm-none-eabi/10.3.1/thumb/v7e-m+fp/hard/crti.o
 .data          0x00000000        0x4 c:/program files (x86)/gnu arm embedded toolchain/10 2021.10/bin/../lib/gcc/arm-none-eabi/10.3.1/thumb/v7e-m+fp/hard/crtbegin.o
 .rodata        0x00000000       0x24 c:/program files (x86)/gnu arm embedded toolchain/10 2021.10/bin/../lib/gcc/arm-none-eabi/10.3.1/thumb/v7e-m+fp/hard/crtbegin.o
 .text          0x00000000       0x7c c:/program files (x86)/gnu arm embedded toolchain/10 2021.10/bin/../lib/gcc/arm-none-eabi/10.3.1/../../../../arm-none-eabi/lib/thumb/v7e-m+fp/hard/crt0.o
 .data          0x00000000        0x0 c:/program files (x86)/gnu arm embedded toolchain/10 2021.10/bin/../lib/gcc/arm-none-eabi/10.3.1/../../../../arm-none-eabi/lib/thumb/v7e-m+fp/hard/crt0.o
 .bss           0x00000000        0x0 c:/program files (x86)/gnu arm embedded toolchain/10 2021.10/bin/../lib/gcc/arm-none-eabi/10.3.1/../../../../arm-none-eabi/lib/thumb/v7e-m+fp/hard/crt0.o
 .ARM.extab     0x00000000        0x0 c:/program files (x86)/gnu arm embedded toolchain/10 2021.10/bin/../lib/gcc/arm-none-eabi/10.3.1/../../../../arm-none-eabi/lib/thumb/v7e-m+fp/hard/crt0.o
 .ARM.exidx     0x00000000       0x10 c:/program files (x86)/gnu arm embedded toolchain/10 2021.10/bin/../lib/gcc/arm-none-eabi/10.3.1/../../../../arm-none-eabi/lib/thumb/v7e-m+fp/hard/crt0.o
 .ARM.attributes
                0x00000000       0x1c c:/program files (x86)/gnu arm embedded toolchain/10 2021.10/bin/../lib/gcc/arm-none-eabi/10.3.1/../../../../arm-none-eabi/lib/thumb/v7e-m+fp/hard/crt0.o
 .text          0x00000000        0x0 build/main.o
 .data          0x00000000        0x0 build/main.o
 .bss           0x00000000        0x0 build/main.o
 .text          0x00000000        0x0 build/Drivers/CMSIS/Device/ST/STM32F4xx/Source/Templates/system_stm32f4xx.o
 .data          0x00000000        0x0 build/Drivers/CMSIS/Device/ST/STM32F4xx/Source/Templates/system_stm32f4xx.o
 .bss           0x00000000        0x0 build/Drivers/CMSIS/Device/ST/STM32F4xx/Source/Templates/system_stm32f4xx.o
 .data.SystemCoreClock
                0x00000000        0x4 build/Drivers/CMSIS/Device/ST/STM32F4xx/Source/Templates/system_stm32f4xx.o
 .rodata.AHBPrescTable
                0x00000000       0x10 build/Drivers/CMSIS/Device/ST/STM32F4xx/Source/Templates/system_stm32f4xx.o
 .rodata.APBPrescTable
                0x00000000        0x8 build/Drivers/CMSIS/Device/ST/STM32F4xx/Source/Templates/system_stm32f4xx.o
 .text.SystemCoreClockUpdate
                0x00000000       0xec build/Drivers/CMSIS/Device/ST/STM32F4xx/Source/Templates/system_stm32f4xx.o
 .text          0x00000000        0x0 build/MCAL/GPIO/GPIO_program.o
 .data          0x00000000        0x0 build/MCAL/GPIO/GPIO_program.o
 .bss           0x00000000        0x0 build/MCAL/GPIO/GPIO_program.o
 .text.GPIO_voidTogglePinValue
                0x00000000       0x38 build/MCAL/GPIO/GPIO_program.o
 .text.GPIO_voidSetPinAF
                0x00000000       0xa0 build/MCAL/GPIO/GPIO_program.o
 .text          0x00000000        0x0 build/MCAL/NVIC/NVIC_program.o
 .data          0x00000000        0x0 build/MCAL/NVIC/NVIC_program.o
 .bss           0x00000000        0x0 build/MCAL/NVIC/NVIC_program.o
 .text.NVIC_voidEnableInterrupt
                0x00000000       0x3c build/MCAL/NVIC/NVIC_program.o
 .text.NVIC_voidDisableInterrupt
                0x00000000       0x3c build/MCAL/NVIC/NVIC_program.o
 .debug_info    0x00000000      0x13e build/MCAL/NVIC/NVIC_program.o
 .debug_abbrev  0x00000000       0xbd build/MCAL/NVIC/NVIC_program.o
 .debug_aranges
                0x00000000       0x28 build/MCAL/NVIC/NVIC_program.o
 .debug_ranges  0x00000000       0x18 build/MCAL/NVIC/NVIC_program.o
 .debug_line    0x00000000       0xaa build/MCAL/NVIC/NVIC_program.o
 .debug_str     0x00000000      0x1cc build/MCAL/NVIC/NVIC_program.o
 .comment       0x00000000       0x4a build/MCAL/NVIC/NVIC_program.o
 .debug_frame   0x00000000       0x60 build/MCAL/NVIC/NVIC_program.o
 .ARM.attributes
                0x00000000       0x34 build/MCAL/NVIC/NVIC_program.o
 .text          0x00000000        0x0 build/MCAL/RCC/RCC_program.o
 .data          0x00000000        0x0 build/MCAL/RCC/RCC_program.o
 .bss           0x00000000        0x0 build/MCAL/RCC/RCC_program.o
 .text.RCC_voidDisablePeripheralClock
                0x00000000       0xa0 build/MCAL/RCC/RCC_program.o
 .text          0x00000000        0x0 build/MCAL/STK/STK_program.o
 .data          0x00000000        0x0 build/MCAL/STK/STK_program.o
 .bss           0x00000000        0x0 build/MCAL/STK/STK_program.o
 .text          0x00000000        0x0 build/HAL/KPD/KPD_program.o
 .data          0x00000000        0x0 build/HAL/KPD/KPD_program.o
 .bss           0x00000000        0x0 build/HAL/KPD/KPD_program.o
 .text          0x00000000        0x0 build/HAL/LED/LED_program.o
 .data          0x00000000        0x0 build/HAL/LED/LED_program.o
 .bss           0x00000000        0x0 build/HAL/LED/LED_program.o
 .text.LED_voidTurnOn
                0x00000000       0x3a build/HAL/LED/LED_program.o
 .text.LED_voidToggle
                0x00000000       0x20 build/HAL/LED/LED_program.o
 .text          0x00000000        0x0 build/HAL/SSD/SSD_program.o
 .data          0x00000000        0x0 build/HAL/SSD/SSD_program.o
 .bss           0x00000000        0x0 build/HAL/SSD/SSD_program.o
 .text          0x00000000        0x0 build/HAL/SW/SW_program.o
 .data          0x00000000        0x0 build/HAL/SW/SW_program.o
 .bss           0x00000000        0x0 build/HAL/SW/SW_program.o
 .text.SW_u8GetState
                0x00000000       0xcc build/HAL/SW/SW_program.o
 .text          0x00000000       0x14 build/startup_stm32f401xe.o
 .data          0x00000000        0x0 build/startup_stm32f401xe.o
 .bss           0x00000000        0x0 build/startup_stm32f401xe.o
 .text          0x00000000        0x0 c:/program files (x86)/gnu arm embedded toolchain/10 2021.10/bin/../lib/gcc/arm-none-eabi/10.3.1/../../../../arm-none-eabi/lib/thumb/v7e-m+fp/hard\libc.a(lib_a-exit.o)
 .data          0x00000000        0x0 c:/program files (x86)/gnu arm embedded toolchain/10 2021.10/bin/../lib/gcc/arm-none-eabi/10.3.1/../../../../arm-none-eabi/lib/thumb/v7e-m+fp/hard\libc.a(lib_a-exit.o)
 .bss           0x00000000        0x0 c:/program files (x86)/gnu arm embedded toolchain/10 2021.10/bin/../lib/gcc/arm-none-eabi/10.3.1/../../../../arm-none-eabi/lib/thumb/v7e-m+fp/hard\libc.a(lib_a-exit.o)
 .text.exit     0x00000000       0x20 c:/program files (x86)/gnu arm embedded toolchain/10 2021.10/bin/../lib/gcc/arm-none-eabi/10.3.1/../../../../arm-none-eabi/lib/thumb/v7e-m+fp/hard\libc.a(lib_a-exit.o)
 .debug_frame   0x00000000       0x28 c:/program files (x86)/gnu arm embedded toolchain/10 2021.10/bin/../lib/gcc/arm-none-eabi/10.3.1/../../../../arm-none-eabi/lib/thumb/v7e-m+fp/hard\libc.a(lib_a-exit.o)
 .ARM.attributes
                0x00000000       0x34 c:/program files (x86)/gnu arm embedded toolchain/10 2021.10/bin/../lib/gcc/arm-none-eabi/10.3.1/../../../../arm-none-eabi/lib/thumb/v7e-m+fp/hard\libc.a(lib_a-exit.o)
 .text          0x00000000        0x0 c:/program files (x86)/gnu arm embedded toolchain/10 2021.10/bin/../lib/gcc/arm-none-eabi/10.3.1/../../../../arm-none-eabi/lib/thumb/v7e-m+fp/hard\libc.a(lib_a-impure.o)
 .data          0x00000000        0x0 c:/program files (x86)/gnu arm embedded toolchain/10 2021.10/bin/../lib/gcc/arm-none-eabi/10.3.1/../../../../arm-none-eabi/lib/thumb/v7e-m+fp/hard\libc.a(lib_a-impure.o)
 .bss           0x00000000        0x0 c:/program files (x86)/gnu arm embedded toolchain/10 2021.10/bin/../lib/gcc/arm-none-eabi/10.3.1/../../../../arm-none-eabi/lib/thumb/v7e-m+fp/hard\libc.a(lib_a-impure.o)
 .data._impure_ptr
                0x00000000        0x4 c:/program files (x86)/gnu arm embedded toolchain/10 2021.10/bin/../lib/gcc/arm-none-eabi/10.3.1/../../../../arm-none-eabi/lib/thumb/v7e-m+fp/hard\libc.a(lib_a-impure.o)
 .text          0x00000000        0x0 c:/program files (x86)/gnu arm embedded toolchain/10 2021.10/bin/../lib/gcc/arm-none-eabi/10.3.1/../../../../arm-none-eabi/lib/thumb/v7e-m+fp/hard\libc.a(lib_a-init.o)
 .data          0x00000000        0x0 c:/program files (x86)/gnu arm embedded toolchain/10 2021.10/bin/../lib/gcc/arm-none-eabi/10.3.1/../../../../arm-none-eabi/lib/thumb/v7e-m+fp/hard\libc.a(lib_a-init.o)
 .bss           0x00000000        0x0 c:/program files (x86)/gnu arm embedded toolchain/10 2021.10/bin/../lib/gcc/arm-none-eabi/10.3.1/../../../../arm-none-eabi/lib/thumb/v7e-m+fp/hard\libc.a(lib_a-init.o)
 .text          0x00000000        0x0 c:/program files (x86)/gnu arm embedded toolchain/10 2021.10/bin/../lib/gcc/arm-none-eabi/10.3.1/../../../../arm-none-eabi/lib/thumb/v7e-m+fp/hard\libc.a(lib_a-memset.o)
 .data          0x00000000        0x0 c:/program files (x86)/gnu arm embedded toolchain/10 2021.10/bin/../lib/gcc/arm-none-eabi/10.3.1/../../../../arm-none-eabi/lib/thumb/v7e-m+fp/hard\libc.a(lib_a-memset.o)
 .bss           0x00000000        0x0 c:/program files (x86)/gnu arm embedded toolchain/10 2021.10/bin/../lib/gcc/arm-none-eabi/10.3.1/../../../../arm-none-eabi/lib/thumb/v7e-m+fp/hard\libc.a(lib_a-memset.o)
 .text.memset   0x00000000       0xa4 c:/program files (x86)/gnu arm embedded toolchain/10 2021.10/bin/../lib/gcc/arm-none-eabi/10.3.1/../../../../arm-none-eabi/lib/thumb/v7e-m+fp/hard\libc.a(lib_a-memset.o)
 .debug_frame   0x00000000       0x2c c:/program files (x86)/gnu arm embedded toolchain/10 2021.10/bin/../lib/gcc/arm-none-eabi/10.3.1/../../../../arm-none-eabi/lib/thumb/v7e-m+fp/hard\libc.a(lib_a-memset.o)
 .ARM.attributes
                0x00000000       0x34 c:/program files (x86)/gnu arm embedded toolchain/10 2021.10/bin/../lib/gcc/arm-none-eabi/10.3.1/../../../../arm-none-eabi/lib/thumb/v7e-m+fp/hard\libc.a(lib_a-memset.o)
 .text          0x00000000        0x0 c:/program files (x86)/gnu arm embedded toolchain/10 2021.10/bin/../lib/gcc/arm-none-eabi/10.3.1/../../../../arm-none-eabi/lib/thumb/v7e-m+fp/hard\libc.a(lib_a-__call_atexit.o)
 .data          0x00000000        0x0 c:/program files (x86)/gnu arm embedded toolchain/10 2021.10/bin/../lib/gcc/arm-none-eabi/10.3.1/../../../../arm-none-eabi/lib/thumb/v7e-m+fp/hard\libc.a(lib_a-__call_atexit.o)
 .bss           0x00000000        0x0 c:/program files (x86)/gnu arm embedded toolchain/10 2021.10/bin/../lib/gcc/arm-none-eabi/10.3.1/../../../../arm-none-eabi/lib/thumb/v7e-m+fp/hard\libc.a(lib_a-__call_atexit.o)
 .text.__call_exitprocs
                0x00000000       0xcc c:/program files (x86)/gnu arm embedded toolchain/10 2021.10/bin/../lib/gcc/arm-none-eabi/10.3.1/../../../../arm-none-eabi/lib/thumb/v7e-m+fp/hard\libc.a(lib_a-__call_atexit.o)
 .text          0x00000000        0x0 c:/program files (x86)/gnu arm embedded toolchain/10 2021.10/bin/../lib/gcc/arm-none-eabi/10.3.1/../../../../arm-none-eabi/lib/thumb/v7e-m+fp/hard\libc.a(lib_a-atexit.o)
 .data          0x00000000        0x0 c:/program files (x86)/gnu arm embedded toolchain/10 2021.10/bin/../lib/gcc/arm-none-eabi/10.3.1/../../../../arm-none-eabi/lib/thumb/v7e-m+fp/hard\libc.a(lib_a-atexit.o)
 .bss           0x00000000        0x0 c:/program files (x86)/gnu arm embedded toolchain/10 2021.10/bin/../lib/gcc/arm-none-eabi/10.3.1/../../../../arm-none-eabi/lib/thumb/v7e-m+fp/hard\libc.a(lib_a-atexit.o)
 .text          0x00000000        0x0 c:/program files (x86)/gnu arm embedded toolchain/10 2021.10/bin/../lib/gcc/arm-none-eabi/10.3.1/../../../../arm-none-eabi/lib/thumb/v7e-m+fp/hard\libc.a(lib_a-fini.o)
 .data          0x00000000        0x0 c:/program files (x86)/gnu arm embedded toolchain/10 2021.10/bin/../lib/gcc/arm-none-eabi/10.3.1/../../../../arm-none-eabi/lib/thumb/v7e-m+fp/hard\libc.a(lib_a-fini.o)
 .bss           0x00000000        0x0 c:/program files (x86)/gnu arm embedded toolchain/10 2021.10/bin/../lib/gcc/arm-none-eabi/10.3.1/../../../../arm-none-eabi/lib/thumb/v7e-m+fp/hard\libc.a(lib_a-fini.o)
 .text          0x00000000        0x0 c:/program files (x86)/gnu arm embedded toolchain/10 2021.10/bin/../lib/gcc/arm-none-eabi/10.3.1/../../../../arm-none-eabi/lib/thumb/v7e-m+fp/hard\libc.a(lib_a-lock.o)
 .data          0x00000000        0x0 c:/program files (x86)/gnu arm embedded toolchain/10 2021.10/bin/../lib/gcc/arm-none-eabi/10.3.1/../../../../arm-none-eabi/lib/thumb/v7e-m+fp/hard\libc.a(lib_a-lock.o)
 .bss           0x00000000        0x0 c:/program files (x86)/gnu arm embedded toolchain/10 2021.10/bin/../lib/gcc/arm-none-eabi/10.3.1/../../../../arm-none-eabi/lib/thumb/v7e-m+fp/hard\libc.a(lib_a-lock.o)
 .text.__retarget_lock_init
                0x00000000        0x4 c:/program files (x86)/gnu arm embedded toolchain/10 2021.10/bin/../lib/gcc/arm-none-eabi/10.3.1/../../../../arm-none-eabi/lib/thumb/v7e-m+fp/hard\libc.a(lib_a-lock.o)
 .text.__retarget_lock_init_recursive
                0x00000000        0x4 c:/program files (x86)/gnu arm embedded toolchain/10 2021.10/bin/../lib/gcc/arm-none-eabi/10.3.1/../../../../arm-none-eabi/lib/thumb/v7e-m+fp/hard\libc.a(lib_a-lock.o)
 .text.__retarget_lock_close
                0x00000000        0x4 c:/program files (x86)/gnu arm embedded toolchain/10 2021.10/bin/../lib/gcc/arm-none-eabi/10.3.1/../../../../arm-none-eabi/lib/thumb/v7e-m+fp/hard\libc.a(lib_a-lock.o)
 .text.__retarget_lock_close_recursive
                0x00000000        0x4 c:/program files (x86)/gnu arm embedded toolchain/10 2021.10/bin/../lib/gcc/arm-none-eabi/10.3.1/../../../../arm-none-eabi/lib/thumb/v7e-m+fp/hard\libc.a(lib_a-lock.o)
 .text.__retarget_lock_acquire
                0x00000000        0x4 c:/program files (x86)/gnu arm embedded toolchain/10 2021.10/bin/../lib/gcc/arm-none-eabi/10.3.1/../../../../arm-none-eabi/lib/thumb/v7e-m+fp/hard\libc.a(lib_a-lock.o)
 .text.__retarget_lock_try_acquire
                0x00000000        0x4 c:/program files (x86)/gnu arm embedded toolchain/10 2021.10/bin/../lib/gcc/arm-none-eabi/10.3.1/../../../../arm-none-eabi/lib/thumb/v7e-m+fp/hard\libc.a(lib_a-lock.o)
 .text.__retarget_lock_try_acquire_recursive
                0x00000000        0x4 c:/program files (x86)/gnu arm embedded toolchain/10 2021.10/bin/../lib/gcc/arm-none-eabi/10.3.1/../../../../arm-none-eabi/lib/thumb/v7e-m+fp/hard\libc.a(lib_a-lock.o)
 .text.__retarget_lock_release
                0x00000000        0x4 c:/program files (x86)/gnu arm embedded toolchain/10 2021.10/bin/../lib/gcc/arm-none-eabi/10.3.1/../../../../arm-none-eabi/lib/thumb/v7e-m+fp/hard\libc.a(lib_a-lock.o)
 .bss.__lock___arc4random_mutex
                0x00000000        0x1 c:/program files (x86)/gnu arm embedded toolchain/10 2021.10/bin/../lib/gcc/arm-none-eabi/10.3.1/../../../../arm-none-eabi/lib/thumb/v7e-m+fp/hard\libc.a(lib_a-lock.o)
 .bss.__lock___at_quick_exit_mutex
                0x00000000        0x1 c:/program files (x86)/gnu arm embedded toolchain/10 2021.10/bin/../lib/gcc/arm-none-eabi/10.3.1/../../../../arm-none-eabi/lib/thumb/v7e-m+fp/hard\libc.a(lib_a-lock.o)
 .bss.__lock___dd_hash_mutex
                0x00000000        0x1 c:/program files (x86)/gnu arm embedded toolchain/10 2021.10/bin/../lib/gcc/arm-none-eabi/10.3.1/../../../../arm-none-eabi/lib/thumb/v7e-m+fp/hard\libc.a(lib_a-lock.o)
 .bss.__lock___env_recursive_mutex
                0x00000000        0x1 c:/program files (x86)/gnu arm embedded toolchain/10 2021.10/bin/../lib/gcc/arm-none-eabi/10.3.1/../../../../arm-none-eabi/lib/thumb/v7e-m+fp/hard\libc.a(lib_a-lock.o)
 .bss.__lock___malloc_recursive_mutex
                0x00000000        0x1 c:/program files (x86)/gnu arm embedded toolchain/10 2021.10/bin/../lib/gcc/arm-none-eabi/10.3.1/../../../../arm-none-eabi/lib/thumb/v7e-m+fp/hard\libc.a(lib_a-lock.o)
 .bss.__lock___sfp_recursive_mutex
                0x00000000        0x1 c:/program files (x86)/gnu arm embedded toolchain/10 2021.10/bin/../lib/gcc/arm-none-eabi/10.3.1/../../../../arm-none-eabi/lib/thumb/v7e-m+fp/hard\libc.a(lib_a-lock.o)
 .bss.__lock___sinit_recursive_mutex
                0x00000000        0x1 c:/program files (x86)/gnu arm embedded toolchain/10 2021.10/bin/../lib/gcc/arm-none-eabi/10.3.1/../../../../arm-none-eabi/lib/thumb/v7e-m+fp/hard\libc.a(lib_a-lock.o)
 .bss.__lock___tz_mutex
                0x00000000        0x1 c:/program files (x86)/gnu arm embedded toolchain/10 2021.10/bin/../lib/gcc/arm-none-eabi/10.3.1/../../../../arm-none-eabi/lib/thumb/v7e-m+fp/hard\libc.a(lib_a-lock.o)
 .text          0x00000000        0x0 c:/program files (x86)/gnu arm embedded toolchain/10 2021.10/bin/../lib/gcc/arm-none-eabi/10.3.1/../../../../arm-none-eabi/lib/thumb/v7e-m+fp/hard\libc.a(lib_a-__atexit.o)
 .data          0x00000000        0x0 c:/program files (x86)/gnu arm embedded toolchain/10 2021.10/bin/../lib/gcc/arm-none-eabi/10.3.1/../../../../arm-none-eabi/lib/thumb/v7e-m+fp/hard\libc.a(lib_a-__atexit.o)
 .bss           0x00000000        0x0 c:/program files (x86)/gnu arm embedded toolchain/10 2021.10/bin/../lib/gcc/arm-none-eabi/10.3.1/../../../../arm-none-eabi/lib/thumb/v7e-m+fp/hard\libc.a(lib_a-__atexit.o)
 .text          0x00000000        0x0 c:/program files (x86)/gnu arm embedded toolchain/10 2021.10/bin/../lib/gcc/arm-none-eabi/10.3.1/thumb/v7e-m+fp/hard/crtend.o
 .data          0x00000000        0x0 c:/program files (x86)/gnu arm embedded toolchain/10 2021.10/bin/../lib/gcc/arm-none-eabi/10.3.1/thumb/v7e-m+fp/hard/crtend.o
 .bss           0x00000000        0x0 c:/program files (x86)/gnu arm embedded toolchain/10 2021.10/bin/../lib/gcc/arm-none-eabi/10.3.1/thumb/v7e-m+fp/hard/crtend.o
 .rodata        0x00000000       0x24 c:/program files (x86)/gnu arm embedded toolchain/10 2021.10/bin/../lib/gcc/arm-none-eabi/10.3.1/thumb/v7e-m+fp/hard/crtend.o
 .eh_frame      0x00000000        0x4 c:/program files (x86)/gnu arm embedded toolchain/10 2021.10/bin/../lib/gcc/arm-none-eabi/10.3.1/thumb/v7e-m+fp/hard/crtend.o
 .ARM.attributes
                0x00000000       0x34 c:/program files (x86)/gnu arm embedded toolchain/10 2021.10/bin/../lib/gcc/arm-none-eabi/10.3.1/thumb/v7e-m+fp/hard/crtend.o
 .text          0x00000000        0x0 c:/program files (x86)/gnu arm embedded toolchain/10 2021.10/bin/../lib/gcc/arm-none-eabi/10.3.1/thumb/v7e-m+fp/hard/crtn.o
 .data          0x00000000        0x0 c:/program files (x86)/gnu arm embedded toolchain/10 2021.10/bin/../lib/gcc/arm-none-eabi/10.3.1/thumb/v7e-m+fp/hard/crtn.o
 .bss           0x00000000        0x0 c:/program files (x86)/gnu arm embedded toolchain/10 2021.10/bin/../lib/gcc/arm-none-eabi/10.3.1/thumb/v7e-m+fp/hard/crtn.o

Memory Configuration

Name             Origin             Length             Attributes
RAM              0x20000000         0x00018000         xrw
ROM              0x08000000         0x00080000         xr
*default*        0x00000000         0xffffffff

Linker script and memory map

LOAD c:/program files (x86)/gnu arm embedded toolchain/10 2021.10/bin/../lib/gcc/arm-none-eabi/10.3.1/thumb/v7e-m+fp/hard/crti.o
LOAD c:/program files (x86)/gnu arm embedded toolchain/10 2021.10/bin/../lib/gcc/arm-none-eabi/10.3.1/thumb/v7e-m+fp/hard/crtbegin.o
LOAD c:/program files (x86)/gnu arm embedded toolchain/10 2021.10/bin/../lib/gcc/arm-none-eabi/10.3.1/../../../../arm-none-eabi/lib/thumb/v7e-m+fp/hard/crt0.o
LOAD build/main.o
LOAD build/Drivers/CMSIS/Device/ST/STM32F4xx/Source/Templates/system_stm32f4xx.o
LOAD build/MCAL/GPIO/GPIO_program.o
LOAD build/MCAL/NVIC/NVIC_program.o
LOAD build/MCAL/RCC/RCC_program.o
LOAD build/MCAL/STK/STK_program.o
LOAD build/HAL/KPD/KPD_program.o
LOAD build/HAL/LED/LED_program.o
LOAD build/HAL/SSD/SSD_program.o
LOAD build/HAL/SW/SW_program.o
LOAD build/startup_stm32f401xe.o
START GROUP
LOAD c:/program files (x86)/gnu arm embedded toolchain/10 2021.10/bin/../lib/gcc/arm-none-eabi/10.3.1/thumb/v7e-m+fp/hard\libgcc.a
LOAD c:/program files (x86)/gnu arm embedded toolchain/10 2021.10/bin/../lib/gcc/arm-none-eabi/10.3.1/../../../../arm-none-eabi/lib/thumb/v7e-m+fp/hard\libc.a
END GROUP
LOAD c:/program files (x86)/gnu arm embedded toolchain/10 2021.10/bin/../lib/gcc/arm-none-eabi/10.3.1/thumb/v7e-m+fp/hard/crtend.o
LOAD c:/program files (x86)/gnu arm embedded toolchain/10 2021.10/bin/../lib/gcc/arm-none-eabi/10.3.1/thumb/v7e-m+fp/hard/crtn.o
                0x20018000                _estack = (ORIGIN (RAM) + LENGTH (RAM))
                0x00000200                _Min_Heap_Size = 0x200
                0x00000400                _Min_Stack_Size = 0x400

.isr_vector     0x08000000      0x194
                0x08000000                . = ALIGN (0x4)
 *(.isr_vector)
 .isr_vector    0x08000000      0x194 build/startup_stm32f401xe.o
                0x08000000                g_pfnVectors
                0x08000194                . = ALIGN (0x4)

.text           0x08000194      0xd70
                0x08000194                . = ALIGN (0x4)
 *(.text)
 .text          0x08000194       0x40 c:/program files (x86)/gnu arm embedded toolchain/10 2021.10/bin/../lib/gcc/arm-none-eabi/10.3.1/thumb/v7e-m+fp/hard/crtbegin.o
 *(.text*)
 .text.main     0x080001d4      0x124 build/main.o
                0x080001d4                main
 .text.SystemInit
                0x080002f8       0x24 build/Drivers/CMSIS/Device/ST/STM32F4xx/Source/Templates/system_stm32f4xx.o
                0x080002f8                SystemInit
 .text.GPIO_voidSetPinMode
                0x0800031c       0x58 build/MCAL/GPIO/GPIO_program.o
                0x0800031c                GPIO_voidSetPinMode
 .text.GPIO_voidSetOutputType
                0x08000374       0x58 build/MCAL/GPIO/GPIO_program.o
                0x08000374                GPIO_voidSetOutputType
 .text.GPIO_voidSetOutputSpeed
                0x080003cc       0x58 build/MCAL/GPIO/GPIO_program.o
                0x080003cc                GPIO_voidSetOutputSpeed
 .text.GPIO_voidSetPull
                0x08000424       0x58 build/MCAL/GPIO/GPIO_program.o
                0x08000424                GPIO_voidSetPull
 .text.GPIO_voidSetPinValue
                0x0800047c       0x50 build/MCAL/GPIO/GPIO_program.o
                0x0800047c                GPIO_voidSetPinValue
 .text.GPIO_voidGetPinValue
                0x080004cc       0x48 build/MCAL/GPIO/GPIO_program.o
                0x080004cc                GPIO_voidGetPinValue
 .text.RCC_voidInitSysClock
                0x08000514      0x124 build/MCAL/RCC/RCC_program.o
                0x08000514                RCC_voidInitSysClock
 .text.RCC_voidEnablePeripheralClock
                0x08000638       0x98 build/MCAL/RCC/RCC_program.o
                0x08000638                RCC_voidEnablePeripheralClock
 .text.STK_voidInit
                0x080006d0       0x38 build/MCAL/STK/STK_program.o
                0x080006d0                STK_voidInit
 .text.STK_voidDelayMs
                0x08000708       0x68 build/MCAL/STK/STK_program.o
                0x08000708                STK_voidDelayMs
 .text.KPD_voidEnableGPIOClock
                0x08000770       0x50 build/HAL/KPD/KPD_program.o
 .text.KPD_voidInit
                0x080007c0      0x10a build/HAL/KPD/KPD_program.o
                0x080007c0                KPD_voidInit
 *fill*         0x080008ca        0x2 
 .text.KPD_u8GetPressedKey
                0x080008cc      0x108 build/HAL/KPD/KPD_program.o
                0x080008cc                KPD_u8GetPressedKey
 .text.LED_voidInit
                0x080009d4       0x42 build/HAL/LED/LED_program.o
                0x080009d4                LED_voidInit
 .text.LED_voidTurnOff
                0x08000a16       0x3a build/HAL/LED/LED_program.o
                0x08000a16                LED_voidTurnOff
 .text.SSD_voidEnableGPIOClock
                0x08000a50       0x50 build/HAL/SSD/SSD_program.o
 .text.SSD_voidInit
                0x08000aa0       0xde build/HAL/SSD/SSD_program.o
                0x08000aa0                SSD_voidInit
 *fill*         0x08000b7e        0x2 
 .text.SSD_voidDisplay
                0x08000b80       0xa8 build/HAL/SSD/SSD_program.o
                0x08000b80                SSD_voidDisplay
 .text.SSD_voidClear
                0x08000c28       0x74 build/HAL/SSD/SSD_program.o
                0x08000c28                SSD_voidClear
 .text.SSD_voidEnable
                0x08000c9c       0x40 build/HAL/SSD/SSD_program.o
                0x08000c9c                SSD_voidEnable
 .text.SSD_voidDisable
                0x08000cdc       0x40 build/HAL/SSD/SSD_program.o
                0x08000cdc                SSD_voidDisable
 .text.SW_voidInit
                0x08000d1c       0x54 build/HAL/SW/SW_program.o
                0x08000d1c                SW_voidInit
 .text.Reset_Handler
                0x08000d70       0x50 build/startup_stm32f401xe.o
                0x08000d70                Reset_Handler
 .text.Default_Handler
                0x08000dc0        0x2 build/startup_stm32f401xe.o
                0x08000dc0                EXTI2_IRQHandler
                0x08000dc0                DebugMon_Handler
                0x08000dc0                SPI4_IRQHandler
                0x08000dc0                TIM1_CC_IRQHandler
                0x08000dc0                DMA2_Stream5_IRQHandler
                0x08000dc0                HardFault_Handler
                0x08000dc0                DMA1_Stream5_IRQHandler
                0x08000dc0                SysTick_Handler
                0x08000dc0                SDIO_IRQHandler
                0x08000dc0                TAMP_STAMP_IRQHandler
                0x08000dc0                PendSV_Handler
                0x08000dc0                NMI_Handler
                0x08000dc0                EXTI3_IRQHandler
                0x08000dc0                TIM1_UP_TIM10_IRQHandler
                0x08000dc0                I2C3_ER_IRQHandler
                0x08000dc0                EXTI18_OTG_FS_WKUP_IRQHandler
                0x08000dc0                EXTI0_IRQHandler
                0x08000dc0                I2C2_EV_IRQHandler
                0x08000dc0                DMA1_Stream2_IRQHandler
                0x08000dc0                UsageFault_Handler
                0x08000dc0                DMA2_Stream2_IRQHandler
                0x08000dc0                SPI1_IRQHandler
                0x08000dc0                TIM1_BRK_TIM9_IRQHandler
                0x08000dc0                DMA2_Stream3_IRQHandler
                0x08000dc0                USART6_IRQHandler
                0x08000dc0                DMA2_Stream0_IRQHandler
                0x08000dc0                TIM4_IRQHandler
                0x08000dc0                I2C1_EV_IRQHandler
                0x08000dc0                DMA1_Stream6_IRQHandler
                0x08000dc0                DMA1_Stream1_IRQHandler
                0x08000dc0                TIM3_IRQHandler
                0x08000dc0                RCC_IRQHandler
                0x08000dc0                Default_Handler
                0x08000dc0                EXTI15_10_IRQHandler
                0x08000dc0                ADC_IRQHandler
                0x08000dc0                DMA1_Stream7_IRQHandler
                0x08000dc0                TIM5_IRQHandler
                0x08000dc0                DMA2_Stream7_IRQHandler
                0x08000dc0                I2C3_EV_IRQHandler
                0x08000dc0                EXTI9_5_IRQHandler
                0x08000dc0                SPI2_IRQHandler
                0x08000dc0                MemManage_Handler
                0x08000dc0                DMA1_Stream0_IRQHandler
                0x08000dc0                SVC_Handler
                0x08000dc0                EXTI4_IRQHandler
                0x08000dc0                EXTI22_RTC_WKUP_IRQHandler
                0x08000dc0                TIM2_IRQHandler
                0x08000dc0                EXTI16_PVD_IRQHandler
                0x08000dc0                TIM1_TRG_COM_TIM11_IRQHandler
                0x08000dc0                EXTI1_IRQHandler
                0x08000dc0                EXTI17_RTC_Alarm_IRQHandler
                0x08000dc0                USART2_IRQHandler
                0x08000dc0                I2C2_ER_IRQHandler
                0x08000dc0                DMA2_Stream1_IRQHandler
                0x08000dc0                FLASH_IRQHandler
                0x08000dc0                DMA2_Stream4_IRQHandler
                0x08000dc0                BusFault_Handler
                0x08000dc0                USART1_IRQHandler
                0x08000dc0                OTG_FS_IRQHandler
                0x08000dc0                SPI3_IRQHandler
                0x08000dc0                DMA1_Stream4_IRQHandler
                0x08000dc0                I2C1_ER_IRQHandler
                0x08000dc0                DMA2_Stream6_IRQHandler
                0x08000dc0                DMA1_Stream3_IRQHandler
 *fill*         0x08000dc2        0x2 
 .text.__libc_init_array
                0x08000dc4       0x48 c:/program files (x86)/gnu arm embedded toolchain/10 2021.10/bin/../lib/gcc/arm-none-eabi/10.3.1/../../../../arm-none-eabi/lib/thumb/v7e-m+fp/hard\libc.a(lib_a-init.o)
                0x08000dc4                __libc_init_array
 .text.startup.register_fini
                0x08000e0c       0x14 c:/program files (x86)/gnu arm embedded toolchain/10 2021.10/bin/../lib/gcc/arm-none-eabi/10.3.1/../../../../arm-none-eabi/lib/thumb/v7e-m+fp/hard\libc.a(lib_a-__call_atexit.o)
 .text.atexit   0x08000e20        0xc c:/program files (x86)/gnu arm embedded toolchain/10 2021.10/bin/../lib/gcc/arm-none-eabi/10.3.1/../../../../arm-none-eabi/lib/thumb/v7e-m+fp/hard\libc.a(lib_a-atexit.o)
                0x08000e20                atexit
 .text.__libc_fini_array
                0x08000e2c       0x2c c:/program files (x86)/gnu arm embedded toolchain/10 2021.10/bin/../lib/gcc/arm-none-eabi/10.3.1/../../../../arm-none-eabi/lib/thumb/v7e-m+fp/hard\libc.a(lib_a-fini.o)
                0x08000e2c                __libc_fini_array
 .text.__retarget_lock_acquire_recursive
                0x08000e58        0x4 c:/program files (x86)/gnu arm embedded toolchain/10 2021.10/bin/../lib/gcc/arm-none-eabi/10.3.1/../../../../arm-none-eabi/lib/thumb/v7e-m+fp/hard\libc.a(lib_a-lock.o)
                0x08000e58                __retarget_lock_acquire_recursive
 .text.__retarget_lock_release_recursive
                0x08000e5c        0x4 c:/program files (x86)/gnu arm embedded toolchain/10 2021.10/bin/../lib/gcc/arm-none-eabi/10.3.1/../../../../arm-none-eabi/lib/thumb/v7e-m+fp/hard\libc.a(lib_a-lock.o)
                0x08000e5c                __retarget_lock_release_recursive
 .text.__register_exitproc
                0x08000e60       0x8c c:/program files (x86)/gnu arm embedded toolchain/10 2021.10/bin/../lib/gcc/arm-none-eabi/10.3.1/../../../../arm-none-eabi/lib/thumb/v7e-m+fp/hard\libc.a(lib_a-__atexit.o)
                0x08000e60                __register_exitproc
 *(.glue_7)
 .glue_7        0x08000eec        0x0 linker stubs
 *(.glue_7t)
 .glue_7t       0x08000eec        0x0 linker stubs
 *(.eh_frame)
 .eh_frame      0x08000eec        0x0 c:/program files (x86)/gnu arm embedded toolchain/10 2021.10/bin/../lib/gcc/arm-none-eabi/10.3.1/thumb/v7e-m+fp/hard/crtbegin.o
 *(.init)
 .init          0x08000eec        0x4 c:/program files (x86)/gnu arm embedded toolchain/10 2021.10/bin/../lib/gcc/arm-none-eabi/10.3.1/thumb/v7e-m+fp/hard/crti.o
                0x08000eec                _init
 .init          0x08000ef0        0x8 c:/program files (x86)/gnu arm embedded toolchain/10 2021.10/bin/../lib/gcc/arm-none-eabi/10.3.1/thumb/v7e-m+fp/hard/crtn.o
 *(.fini)
 .fini          0x08000ef8        0x4 c:/program files (x86)/gnu arm embedded toolchain/10 2021.10/bin/../lib/gcc/arm-none-eabi/10.3.1/thumb/v7e-m+fp/hard/crti.o
                0x08000ef8                _fini
 .fini          0x08000efc        0x8 c:/program files (x86)/gnu arm embedded toolchain/10 2021.10/bin/../lib/gcc/arm-none-eabi/10.3.1/thumb/v7e-m+fp/hard/crtn.o
                0x08000f04                . = ALIGN (0x4)
                0x08000f04                _etext = .

.vfp11_veneer   0x08000f04        0x0
 .vfp11_veneer  0x08000f04        0x0 linker stubs

.v4_bx          0x08000f04        0x0
 .v4_bx         0x08000f04        0x0 linker stubs

.iplt           0x08000f04        0x0
 .iplt          0x08000f04        0x0 c:/program files (x86)/gnu arm embedded toolchain/10 2021.10/bin/../lib/gcc/arm-none-eabi/10.3.1/thumb/v7e-m+fp/hard/crtbegin.o

.rodata         0x08000f04       0x1c
                0x08000f04                . = ALIGN (0x4)
 *(.rodata)
 *(.rodata*)
 .rodata.KPD_u8Keys
                0x08000f04        0xc build/HAL/KPD/KPD_program.o
 .rodata.SSD_u8Digits
                0x08000f10        0xa build/HAL/SSD/SSD_program.o
 *fill*         0x08000f1a        0x2 
 .rodata._global_impure_ptr
                0x08000f1c        0x4 c:/program files (x86)/gnu arm embedded toolchain/10 2021.10/bin/../lib/gcc/arm-none-eabi/10.3.1/../../../../arm-none-eabi/lib/thumb/v7e-m+fp/hard\libc.a(lib_a-impure.o)
                0x08000f1c                _global_impure_ptr
                0x08000f20                . = ALIGN (0x4)

.rel.dyn        0x08000f20        0x0
 .rel.iplt      0x08000f20        0x0 c:/program files (x86)/gnu arm embedded toolchain/10 2021.10/bin/../lib/gcc/arm-none-eabi/10.3.1/thumb/v7e-m+fp/hard/crtbegin.o

.ARM.extab      0x08000f20        0x0
                0x08000f20                . = ALIGN (0x4)
 *(.ARM.extab* .gnu.linkonce.armextab.*)
                0x08000f20                . = ALIGN (0x4)

.ARM            0x08000f20        0x0
                0x08000f20                . = ALIGN (0x4)
                0x08000f20                __exidx_start = .
 *(.ARM.exidx*)
                0x08000f20                __exidx_end = .
                0x08000f20                . = ALIGN (0x4)

.preinit_array  0x08000f20        0x0
                0x08000f20                . = ALIGN (0x4)
                0x08000f20                PROVIDE (__preinit_array_start = .)
 *(.preinit_array*)
                0x08000f20                PROVIDE (__preinit_array_end = .)
                0x08000f20                . = ALIGN (0x4)

.init_array     0x08000f20        0x8
                0x08000f20                . = ALIGN (0x4)
                0x08000f20                PROVIDE (__init_array_start = .)
 *(SORT_BY_NAME(.init_array.*))
 .init_array.00000
                0x08000f20        0x4 c:/program files (x86)/gnu arm embedded toolchain/10 2021.10/bin/../lib/gcc/arm-none-eabi/10.3.1/../../../../arm-none-eabi/lib/thumb/v7e-m+fp/hard\libc.a(lib_a-__call_atexit.o)
 *(.init_array*)
 .init_array    0x08000f24        0x4 c:/program files (x86)/gnu arm embedded toolchain/10 2021.10/bin/../lib/gcc/arm-none-eabi/10.3.1/thumb/v7e-m+fp/hard/crtbegin.o
                0x08000f28                PROVIDE (__init_array_end = .)
                0x08000f28                . = ALIGN (0x4)

.fini_array     0x08000f28        0x4
                0x08000f28                . = ALIGN (0x4)
                0x08000f28                PROVIDE (__fini_array_start = .)
 *(SORT_BY_NAME(.fini_array.*))
 *(.fini_array*)
 .fini_array    0x08000f28        0x4 c:/program files (x86)/gnu arm embedded toolchain/10 2021.10/bin/../lib/gcc/arm-none-eabi/10.3.1/thumb/v7e-m+fp/hard/crtbegin.o
                0x08000f2c                PROVIDE (__fini_array_end = .)
                0x08000f2c                . = ALIGN (0x4)
                0x08000f2c                _sidata = LOADADDR (.data)

.data           0x20000000      0x48c load address 0x08000f2c
                0x20000000                . = ALIGN (0x4)
                0x20000000                _sdata = .
 *(.data)
 *(.data*)
 .data.LED1     0x20000000        0x8 build/main.o
                0x20000000                LED1
 .data.SW1      0x20000008        0x8 build/main.o
                0x20000008                SW1
 .data.SSD1     0x20000010       0x2c build/main.o
                0x20000010                SSD1
 .data.KPD1     0x2000003c       0x24 build/main.o
                0x2000003c                KPD1
 .data.impure_data
                0x20000060      0x428 c:/program files (x86)/gnu arm embedded toolchain/10 2021.10/bin/../lib/gcc/arm-none-eabi/10.3.1/../../../../arm-none-eabi/lib/thumb/v7e-m+fp/hard\libc.a(lib_a-impure.o)
 .data.__atexit_recursive_mutex
                0x20000488        0x4 c:/program files (x86)/gnu arm embedded toolchain/10 2021.10/bin/../lib/gcc/arm-none-eabi/10.3.1/../../../../arm-none-eabi/lib/thumb/v7e-m+fp/hard\libc.a(lib_a-__call_atexit.o)
                0x20000488                __atexit_recursive_mutex
 *(.RamFunc)
 *(.RamFunc*)
                0x2000048c                . = ALIGN (0x4)
                0x2000048c                _edata = .

.igot.plt       0x2000048c        0x0 load address 0x080013b8
 .igot.plt      0x2000048c        0x0 c:/program files (x86)/gnu arm embedded toolchain/10 2021.10/bin/../lib/gcc/arm-none-eabi/10.3.1/thumb/v7e-m+fp/hard/crtbegin.o
                0x2000048c                . = ALIGN (0x4)

.bss            0x2000048c       0x20 load address 0x080013b8
                0x2000048c                _sbss = .
                0x2000048c                __bss_start__ = _sbss
 *(.bss)
 .bss           0x2000048c       0x1c c:/program files (x86)/gnu arm embedded toolchain/10 2021.10/bin/../lib/gcc/arm-none-eabi/10.3.1/thumb/v7e-m+fp/hard/crtbegin.o
 *(.bss*)
 .bss.__lock___atexit_recursive_mutex
                0x200004a8        0x1 c:/program files (x86)/gnu arm embedded toolchain/10 2021.10/bin/../lib/gcc/arm-none-eabi/10.3.1/../../../../arm-none-eabi/lib/thumb/v7e-m+fp/hard\libc.a(lib_a-lock.o)
                0x200004a8                __lock___atexit_recursive_mutex
 *(COMMON)
                0x200004ac                . = ALIGN (0x4)
 *fill*         0x200004a9        0x3 
                0x200004ac                _ebss = .
                0x200004ac                __bss_end__ = _ebss

._user_heap_stack
                0x200004ac      0x604 load address 0x080013b8
                0x200004b0                . = ALIGN (0x8)
 *fill*         0x200004ac        0x4 
                [!provide]                PROVIDE (end = .)
                [!provide]                PROVIDE (_end = .)
                0x200006b0                . = (. + _Min_Heap_Size)
 *fill*         0x200004b0      0x200 
                0x20000ab0                . = (. + _Min_Stack_Size)
 *fill*         0x200006b0      0x400 
                0x20000ab0                . = ALIGN (0x8)

/DISCARD/
 libc.a(*)
 libm.a(*)
 libgcc.a(*)

.ARM.attributes
                0x00000000       0x30
 *(.ARM.attributes)
 .ARM.attributes
                0x00000000       0x1e c:/program files (x86)/gnu arm embedded toolchain/10 2021.10/bin/../lib/gcc/arm-none-eabi/10.3.1/thumb/v7e-m+fp/hard/crti.o
 .ARM.attributes
                0x0000001e       0x34 c:/program files (x86)/gnu arm embedded toolchain/10 2021.10/bin/../lib/gcc/arm-none-eabi/10.3.1/thumb/v7e-m+fp/hard/crtbegin.o
 .ARM.attributes
                0x00000052       0x34 build/main.o
 .ARM.attributes
                0x00000086       0x34 build/Drivers/CMSIS/Device/ST/STM32F4xx/Source/Templates/system_stm32f4xx.o
 .ARM.attributes
                0x000000ba       0x34 build/MCAL/GPIO/GPIO_program.o
 .ARM.attributes
                0x000000ee       0x34 build/MCAL/RCC/RCC_program.o
 .ARM.attributes
                0x00000122       0x34 build/MCAL/STK/STK_program.o
 .ARM.attributes
                0x00000156       0x34 build/HAL/KPD/KPD_program.o
 .ARM.attributes
                0x0000018a       0x34 build/HAL/LED/LED_program.o
 .ARM.attributes
                0x000001be       0x34 build/HAL/SSD/SSD_program.o
 .ARM.attributes
                0x000001f2       0x34 build/HAL/SW/SW_program.o
 .ARM.attributes
                0x00000226       0x21 build/startup_stm32f401xe.o
 .ARM.attributes
                0x00000247       0x34 c:/program files (x86)/gnu arm embedded toolchain/10 2021.10/bin/../lib/gcc/arm-none-eabi/10.3.1/../../../../arm-none-eabi/lib/thumb/v7e-m+fp/hard\libc.a(lib_a-impure.o)
 .ARM.attributes
                0x0000027b       0x34 c:/program files (x86)/gnu arm embedded toolchain/10 2021.10/bin/../lib/gcc/arm-none-eabi/10.3.1/../../../../arm-none-eabi/lib/thumb/v7e-m+fp/hard\libc.a(lib_a-init.o)
 .ARM.attributes
                0x000002af       0x34 c:/program files (x86)/gnu arm embedded toolchain/10 2021.10/bin/../lib/gcc/arm-none-eabi/10.3.1/../../../../arm-none-eabi/lib/thumb/v7e-m+fp/hard\libc.a(lib_a-__call_atexit.o)
 .ARM.attributes
                0x000002e3       0x34 c:/program files (x86)/gnu arm embedded toolchain/10 2021.10/bin/../lib/gcc/arm-none-eabi/10.3.1/../../../../arm-none-eabi/lib/thumb/v7e-m+fp/hard\libc.a(lib_a-atexit.o)
 .ARM.attributes
                0x00000317       0x34 c:/program files (x86)/gnu arm embedded toolchain/10 2021.10/bin/../lib/gcc/arm-none-eabi/10.3.1/../../../../arm-none-eabi/lib/thumb/v7e-m+fp/hard\libc.a(lib_a-fini.o)
 .ARM.attributes
                0x0000034b       0x34 c:/program files (x86)/gnu arm embedded toolchain/10 2021.10/bin/../lib/gcc/arm-none-eabi/10.3.1/../../../../arm-none-eabi/lib/thumb/v7e-m+fp/hard\libc.a(lib_a-lock.o)
 .ARM.attributes
                0x0000037f       0x34 c:/program files (x86)/gnu arm embedded toolchain/10 2021.10/bin/../lib/gcc/arm-none-eabi/10.3.1/../../../../arm-none-eabi/lib/thumb/v7e-m+fp/hard\libc.a(lib_a-__atexit.o)
 .ARM.attributes
                0x000003b3       0x1e c:/program files (x86)/gnu arm embedded toolchain/10 2021.10/bin/../lib/gcc/arm-none-eabi/10.3.1/thumb/v7e-m+fp/hard/crtn.o
OUTPUT(build/firmware.elf elf32-littlearm)
LOAD linker stubs
LOAD c:/program files (x86)/gnu arm embedded toolchain/10 2021.10/bin/../lib/gcc/arm-none-eabi/10.3.1/../../../../arm-none-eabi/lib/thumb/v7e-m+fp/hard\libc.a
LOAD c:/program files (x86)/gnu arm embedded toolchain/10 2021.10/bin/../lib/gcc/arm-none-eabi/10.3.1/../../../../arm-none-eabi/lib/thumb/v7e-m+fp/hard\libm.a
LOAD c:/program files (x86)/gnu arm embedded toolchain/10 2021.10/bin/../lib/gcc/arm-none-eabi/10.3.1/thumb/v7e-m+fp/hard\libgcc.a

.debug_info     0x00000000     0x1920
 .debug_info    0x00000000      0x316 build/main.o
 .debug_info    0x00000316      0x544 build/Drivers/CMSIS/Device/ST/STM32F4xx/Source/Templates/system_stm32f4xx.o
 .debug_info    0x0000085a      0x339 build/MCAL/GPIO/GPIO_program.o
 .debug_info    0x00000b93      0x310 build/MCAL/RCC/RCC_program.o
 .debug_info    0x00000ea3       0xff build/MCAL/STK/STK_program.o
 .debug_info    0x00000fa2      0x2a4 build/HAL/KPD/KPD_program.o
 .debug_info    0x00001246      0x1f7 build/HAL/LED/LED_program.o
 .debug_info    0x0000143d      0x2e1 build/HAL/SSD/SSD_program.o
 .debug_info    0x0000171e      0x202 build/HAL/SW/SW_program.o

.debug_abbrev   0x00000000      0x82e
 .debug_abbrev  0x00000000       0xf0 build/main.o
 .debug_abbrev  0x000000f0      0x113 build/Drivers/CMSIS/Device/ST/STM32F4xx/Source/Templates/system_stm32f4xx.o
 .debug_abbrev  0x00000203       0xe1 build/MCAL/GPIO/GPIO_program.o
 .debug_abbrev  0x000002e4       0xce build/MCAL/RCC/RCC_program.o
 .debug_abbrev  0x000003b2       0xbc build/MCAL/STK/STK_program.o
 .debug_abbrev  0x0000046e      0x11c build/HAL/KPD/KPD_program.o
 .debug_abbrev  0x0000058a       0xc5 build/HAL/LED/LED_program.o
 .debug_abbrev  0x0000064f       0xed build/HAL/SSD/SSD_program.o
 .debug_abbrev  0x0000073c       0xf2 build/HAL/SW/SW_program.o

.debug_aranges  0x00000000      0x1d0
 .debug_aranges
                0x00000000       0x20 build/main.o
 .debug_aranges
                0x00000020       0x28 build/Drivers/CMSIS/Device/ST/STM32F4xx/Source/Templates/system_stm32f4xx.o
 .debug_aranges
                0x00000048       0x58 build/MCAL/GPIO/GPIO_program.o
 .debug_aranges
                0x000000a0       0x30 build/MCAL/RCC/RCC_program.o
 .debug_aranges
                0x000000d0       0x28 build/MCAL/STK/STK_program.o
 .debug_aranges
                0x000000f8       0x30 build/HAL/KPD/KPD_program.o
 .debug_aranges
                0x00000128       0x38 build/HAL/LED/LED_program.o
 .debug_aranges
                0x00000160       0x48 build/HAL/SSD/SSD_program.o
 .debug_aranges
                0x000001a8       0x28 build/HAL/SW/SW_program.o

.debug_ranges   0x00000000      0x140
 .debug_ranges  0x00000000       0x10 build/main.o
 .debug_ranges  0x00000010       0x18 build/Drivers/CMSIS/Device/ST/STM32F4xx/Source/Templates/system_stm32f4xx.o
 .debug_ranges  0x00000028       0x48 build/MCAL/GPIO/GPIO_program.o
 .debug_ranges  0x00000070       0x20 build/MCAL/RCC/RCC_program.o
 .debug_ranges  0x00000090       0x18 build/MCAL/STK/STK_program.o
 .debug_ranges  0x000000a8       0x20 build/HAL/KPD/KPD_program.o
 .debug_ranges  0x000000c8       0x28 build/HAL/LED/LED_program.o
 .debug_ranges  0x000000f0       0x38 build/HAL/SSD/SSD_program.o
 .debug_ranges  0x00000128       0x18 build/HAL/SW/SW_program.o

.debug_line     0x00000000      0xcc2
 .debug_line    0x00000000       0xf4 build/main.o
 .debug_line    0x000000f4      0x244 build/Drivers/CMSIS/Device/ST/STM32F4xx/Source/Templates/system_stm32f4xx.o
 .debug_line    0x00000338      0x1ba build/MCAL/GPIO/GPIO_program.o
 .debug_line    0x000004f2      0x14c build/MCAL/RCC/RCC_program.o
 .debug_line    0x0000063e       0xcb build/MCAL/STK/STK_program.o
 .debug_line    0x00000709      0x1a5 build/HAL/KPD/KPD_program.o
 .debug_line    0x000008ae       0xfc build/HAL/LED/LED_program.o
 .debug_line    0x000009aa      0x1e1 build/HAL/SSD/SSD_program.o
 .debug_line    0x00000b8b      0x137 build/HAL/SW/SW_program.o

.debug_str      0x00000000      0x832
 .debug_str     0x00000000      0x1e6 build/main.o
                                0x21f (size before relaxing)
 .debug_str     0x000001e6      0x220 build/Drivers/CMSIS/Device/ST/STM32F4xx/Source/Templates/system_stm32f4xx.o
                                0x37d (size before relaxing)
 .debug_str     0x00000406      0x127 build/MCAL/GPIO/GPIO_program.o
                                0x2aa (size before relaxing)
 .debug_str     0x0000052d       0xa6 build/MCAL/RCC/RCC_program.o
                                0x2e6 (size before relaxing)
 .debug_str     0x000005d3       0x59 build/MCAL/STK/STK_program.o
                                0x1a0 (size before relaxing)
 .debug_str     0x0000062c       0x8d build/HAL/KPD/KPD_program.o
                                0x241 (size before relaxing)
 .debug_str     0x000006b9       0x51 build/HAL/LED/LED_program.o
                                0x1fb (size before relaxing)
 .debug_str     0x0000070a       0xb5 build/HAL/SSD/SSD_program.o
                                0x276 (size before relaxing)
 .debug_str     0x000007bf       0x73 build/HAL/SW/SW_program.o
                                0x214 (size before relaxing)

.comment        0x00000000       0x49
 .comment       0x00000000       0x49 build/main.o
                                 0x4a (size before relaxing)
 .comment       0x00000049       0x4a build/Drivers/CMSIS/Device/ST/STM32F4xx/Source/Templates/system_stm32f4xx.o
 .comment       0x00000049       0x4a build/MCAL/GPIO/GPIO_program.o
 .comment       0x00000049       0x4a build/MCAL/RCC/RCC_program.o
 .comment       0x00000049       0x4a build/MCAL/STK/STK_program.o
 .comment       0x00000049       0x4a build/HAL/KPD/KPD_program.o
 .comment       0x00000049       0x4a build/HAL/LED/LED_program.o
 .comment       0x00000049       0x4a build/HAL/SSD/SSD_program.o
 .comment       0x00000049       0x4a build/HAL/SW/SW_program.o

.debug_frame    0x00000000      0x724
 .debug_frame   0x00000000       0x34 build/main.o
 .debug_frame   0x00000034       0x58 build/Drivers/CMSIS/Device/ST/STM32F4xx/Source/Templates/system_stm32f4xx.o
 .debug_frame   0x0000008c      0x14c build/MCAL/GPIO/GPIO_program.o
 .debug_frame   0x000001d8       0x80 build/MCAL/RCC/RCC_program.o
 .debug_frame   0x00000258       0x58 build/MCAL/STK/STK_program.o
 .debug_frame   0x000002b0       0x94 build/HAL/KPD/KPD_program.o
 .debug_frame   0x00000344       0xa0 build/HAL/LED/LED_program.o
 .debug_frame   0x000003e4      0x11c build/HAL/SSD/SSD_program.o
 .debug_frame   0x00000500       0x58 build/HAL/SW/SW_program.o
 .debug_frame   0x00000558       0x2c c:/program files (x86)/gnu arm embedded toolchain/10 2021.10/bin/../lib/gcc/arm-none-eabi/10.3.1/../../../../arm-none-eabi/lib/thumb/v7e-m+fp/hard\libc.a(lib_a-init.o)
 .debug_frame   0x00000584       0x68 c:/program files (x86)/gnu arm embedded toolchain/10 2021.10/bin/../lib/gcc/arm-none-eabi/10.3.1/../../../../arm-none-eabi/lib/thumb/v7e-m+fp/hard\libc.a(lib_a-__call_atexit.o)
 .debug_frame   0x000005ec       0x20 c:/program files (x86)/gnu arm embedded toolchain/10 2021.10/bin/../lib/gcc/arm-none-eabi/10.3.1/../../../../arm-none-eabi/lib/thumb/v7e-m+fp/hard\libc.a(lib_a-atexit.o)
 .debug_frame   0x0000060c       0x34 c:/program files (x86)/gnu arm embedded toolchain/10 2021.10/bin/../lib/gcc/arm-none-eabi/10.3.1/../../../../arm-none-eabi/lib/thumb/v7e-m+fp/hard\libc.a(lib_a-fini.o)
 .debug_frame   0x00000640       0xb0 c:/program files (x86)/gnu arm embedded toolchain/10 2021.10/bin/../lib/gcc/arm-none-eabi/10.3.1/../../../../arm-none-eabi/lib/thumb/v7e-m+fp/hard\libc.a(lib_a-lock.o)
 .debug_frame   0x000006f0       0x34 c:/program files (x86)/gnu arm embedded toolchain/10 2021.10/bin/../lib/gcc/arm-none-eabi/10.3.1/../../../../arm-none-eabi/lib/thumb/v7e-m+fp/hard\libc.a(lib_a-__atexit.o)
